[2026-09-23 15:57:34] local.ERROR: syntax error, unexpected token "->", expecting end of file {"exception":"[object] (ParseError(code: 0): syntax error, unexpected token \"->\", expecting end of file at C:/Users/X13/Desktop/2-2026/SIS258-SISTEMAS DISTRIBUIDOS/SistemasDistribuidosJMGL/Practicas/Practica_4/elecciones-app/routes/web.php:15)
[stacktrace]
#0 C:/Users/X13/Desktop/2-2026/SIS258-SISTEMAS DISTRIBUIDOS/SistemasDistribuidosJMGL/Practicas/Practica_4/elecciones-app/vendor/laravel/framework/src/Illuminate/Routing/Router.php(526): Illuminate/Routing/RouteFileRegistrar->register('C://Users//X13//De...')
#1 C:/Users/X13/Desktop/2-2026/SIS258-SISTEMAS DISTRIBUIDOS/SistemasDistribuidosJMGL/Practicas/Practica_4/elecciones-app/vendor/laravel/framework/src/Illuminate/Routing/Router.php(480): Illuminate/Routing/Router->loadRoutes('C://Users//X13//De...')
#2 C:/Users/X13/Desktop/2-2026/SIS258-SISTEMAS DISTRIBUIDOS/SistemasDistribuidosJMGL/Practicas/Practica_4/elecciones-app/vendor/laravel/framework/src/Illuminate/Routing/RouteRegistrar.php(212): Illuminate/Routing/Router->group(Array, 'C://Users//X13//De...')
#3 C:/Users/X13/Desktop/2-2026/SIS258-SISTEMAS DISTRIBUIDOS/SistemasDistribuidosJMGL/Practicas/Practica_4/elecciones-app/vendor/laravel/framework/src/Illuminate/Foundation/Configuration/ApplicationBuilder.php(248): Illuminate/Routing/RouteRegistrar->group('C://Users//X13//De...')
#4 C:/Users/X13/Desktop/2-2026/SIS258-SISTEMAS DISTRIBUIDOS/SistemasDistribuidosJMGL/Practicas/Practica_4/elecciones-app/vendor/laravel/framework/src/Illuminate/Container/BoundMethod.php(36): Illuminate/Foundation/Configuration/ApplicationBuilder->Illuminate/Foundation/Configuration/{closure}()
#5 C:/Users/X13/Desktop/2-2026/SIS258-SISTEMAS DISTRIBUIDOS/SistemasDistribuidosJMGL/Practicas/Practica_4/elecciones-app/vendor/laravel/framework/src/Illuminate/Container/Util.php(43): Illuminate/Container/BoundMethod::Illuminate/Container/{closure}()
#6 C:/Users/X13/Desktop/2-2026/SIS258-SISTEMAS DISTRIBUIDOS/SistemasDistribuidosJMGL/Practicas/Practica_4/elecciones-app/vendor/laravel/framework/src/Illuminate/Container/BoundMethod.php(84): Illuminate/Container/Util::unwrapIfClosure(Object(Closure))
#7 C:/Users/X13/Desktop/2-2026/SIS258-SISTEMAS DISTRIBUIDOS/SistemasDistribuidosJMGL/Practicas/Practica_4/elecciones-app/vendor/laravel/framework/src/Illuminate/Container/BoundMethod.php(35): Illuminate/Container/BoundMethod::callBoundMethod(Object(Illuminate/Foundation/Application), Object(Closure), Object(Closure))
#8 C:/Users/X13/Desktop/2-2026/SIS258-SISTEMAS DISTRIBUIDOS/SistemasDistribuidosJMGL/Practicas/Practica_4/elecciones-app/vendor/laravel/framework/src/Illuminate/Container/Container.php(799): Illuminate/Container/BoundMethod::call(Object(Illuminate/Foundation/Application), Object(Closure), Array, NULL)
#9 C:/Users/X13/Desktop/2-2026/SIS258-SISTEMAS DISTRIBUIDOS/SistemasDistribuidosJMGL/Practicas/Practica_4/elecciones-app/vendor/laravel/framework/src/Illuminate/Foundation/Support/Providers/RouteServiceProvider.php(162): Illuminate/Container/Container->call(Object(Closure))
#10 C:/Users/X13/Desktop/2-2026/SIS258-SISTEMAS DISTRIBUIDOS/SistemasDistribuidosJMGL/Practicas/Practica_4/elecciones-app/vendor/laravel/framework/src/Illuminate/Foundation/Support/Providers/RouteServiceProvider.php(59): Illuminate/Foundation/Support/Providers/RouteServiceProvider->loadRoutes()
#11 C:/Users/X13/Desktop/2-2026/SIS258-SISTEMAS DISTRIBUIDOS/SistemasDistribuidosJMGL/Practicas/Practica_4/elecciones-app/vendor/laravel/framework/src/Illuminate/Container/BoundMethod.php(36): Illuminate/Foundation/Support/Providers/RouteServiceProvider->Illuminate/Foundation/Support/Providers/{closure}()
#12 C:/Users/X13/Desktop/2-2026/SIS258-SISTEMAS DISTRIBUIDOS/SistemasDistribuidosJMGL/Practicas/Practica_4/elecciones-app/vendor/laravel/framework/src/Illuminate/Container/Util.php(43): Illuminate/Container/BoundMethod::Illuminate/Container/{closure}()
#13 C:/Users/X13/Desktop/2-2026/SIS258-SISTEMAS DISTRIBUIDOS/SistemasDistribuidosJMGL/Practicas/Practica_4/elecciones-app/vendor/laravel/framework/src/Illuminate/Container/BoundMethod.php(84): Illuminate/Container/Util::unwrapIfClosure(Object(Closure))
#14 C:/Users/X13/Desktop/2-2026/SIS258-SISTEMAS DISTRIBUIDOS/SistemasDistribuidosJMGL/Practicas/Practica_4/elecciones-app/vendor/laravel/framework/src/Illuminate/Container/BoundMethod.php(35): Illuminate/Container/BoundMethod::callBoundMethod(Object(Illuminate/Foundation/Application), Object(Closure), Object(Closure))
#15 C:/Users/X13/Desktop/2-2026/SIS258-SISTEMAS DISTRIBUIDOS/SistemasDistribuidosJMGL/Practicas/Practica_4/elecciones-app/vendor/laravel/framework/src/Illuminate/Container/Container.php(799): Illuminate/Container/BoundMethod::call(Object(Illuminate/Foundation/Application), Object(Closure), Array, NULL)
#16 C:/Users/X13/Desktop/2-2026/SIS258-SISTEMAS DISTRIBUIDOS/SistemasDistribuidosJMGL/Practicas/Practica_4/elecciones-app/vendor/laravel/framework/src/Illuminate/Support/ServiceProvider.php(150): Illuminate/Container/Container->call(Object(Closure))
#17 C:/Users/X13/Desktop/2-2026/SIS258-SISTEMAS DISTRIBUIDOS/SistemasDistribuidosJMGL/Practicas/Practica_4/elecciones-app/vendor/laravel/framework/src/Illuminate/Foundation/Application.php(1154): Illuminate/Support/ServiceProvider->callBootedCallbacks()
#18 C:/Users/X13/Desktop/2-2026/SIS258-SISTEMAS DISTRIBUIDOS/SistemasDistribuidosJMGL/Practicas/Practica_4/elecciones-app/vendor/laravel/framework/src/Illuminate/Foundation/Application.php(1132): Illuminate/Foundation/Application->bootProvider(Object(Illuminate/Foundation/Support/Providers/RouteServiceProvider))
#19 [internal function]: Illuminate/Foundation/Application->Illuminate/Foundation/{closure}(Object(Illuminate/Foundation/Support/Providers/RouteServiceProvider), 'Illuminate//Foun...')
#20 C:/Users/X13/Desktop/2-2026/SIS258-SISTEMAS DISTRIBUIDOS/SistemasDistribuidosJMGL/Practicas/Practica_4/elecciones-app/vendor/laravel/framework/src/Illuminate/Foundation/Application.php(1131): array_walk(Array, Object(Closure))
#21 C:/Users/X13/Desktop/2-2026/SIS258-SISTEMAS DISTRIBUIDOS/SistemasDistribuidosJMGL/Practicas/Practica_4/elecciones-app/vendor/laravel/framework/src/Illuminate/Foundation/Bootstrap/BootProviders.php(17): Illuminate/Foundation/Application->boot()
#22 C:/Users/X13/Desktop/2-2026/SIS258-SISTEMAS DISTRIBUIDOS/SistemasDistribuidosJMGL/Practicas/Practica_4/elecciones-app/vendor/laravel/framework/src/Illuminate/Foundation/Application.php(342): Illuminate/Foundation/Bootstrap/BootProviders->bootstrap(Object(Illuminate/Foundation/Application))
#23 C:/Users/X13/Desktop/2-2026/SIS258-SISTEMAS DISTRIBUIDOS/SistemasDistribuidosJMGL/Practicas/Practica_4/elecciones-app/vendor/laravel/framework/src/Illuminate/Foundation/Http/Kernel.php(186): Illuminate/Foundation/Application->bootstrapWith(Array)
#24 C:/Users/X13/Desktop/2-2026/SIS258-SISTEMAS DISTRIBUIDOS/SistemasDistribuidosJMGL/Practicas/Practica_4/elecciones-app/vendor/laravel/framework/src/Illuminate/Foundation/Http/Kernel.php(170): Illuminate/Foundation/Http/Kernel->bootstrap()
#25 C:/Users/X13/Desktop/2-2026/SIS258-SISTEMAS DISTRIBUIDOS/SistemasDistribuidosJMGL/Practicas/Practica_4/elecciones-app/vendor/laravel/framework/src/Illuminate/Foundation/Http/Kernel.php(144): Illuminate/Foundation/Http/Kernel->sendRequestThroughRouter(Object(Illuminate/Http/Request))
#26 C:/Users/X13/Desktop/2-2026/SIS258-SISTEMAS DISTRIBUIDOS/SistemasDistribuidosJMGL/Practicas/Practica_4/elecciones-app/vendor/laravel/framework/src/Illuminate/Foundation/Application.php(1220): Illuminate/Foundation/Http/Kernel->handle(Object(Illuminate/Http/Request))
#27 C:/Users/X13/Desktop/2-2026/SIS258-SISTEMAS DISTRIBUIDOS/SistemasDistribuidosJMGL/Practicas/Practica_4/elecciones-app/public/index.php(17): Illuminate/Foundation/Application->handleRequest(Object(Illuminate/Http/Request))
#28 C:/Users/X13/Desktop/2-2026/SIS258-SISTEMAS DISTRIBUIDOS/SistemasDistribuidosJMGL/Practicas/Practica_4/elecciones-app/vendor/laravel/framework/src/Illuminate/Foundation/resources/server.php(23): require_once('C://Users//X13//De...')
#29 {main}
"} 
